[2026-09-25 12:03:08,656] 45 root - ERROR - Error occurred in python script [D:\Projects\Data Science Final Projects\Loan Default Risk Prediction\src\pipeline\predict_pipeline.py] line [35] error message [Error occurred in python script [D:\Projects\Data Science Final Projects\Loan Default Risk Prediction\src\utils.py] line [20] error message [Ran out of input]]
[2026-09-25 12:08:23,310] 17 root - INFO - Entered data ingestion method
[2026-09-25 12:08:24,326] 21 root - INFO - Read raw data with shape (30000, 25)
[2026-09-25 12:08:24,550] 28 root - INFO - Loaded raw data into SQLite
[2026-09-25 12:08:24,768] 43 root - INFO - SQL feature engineering complete
[2026-09-25 12:08:24,895] 51 root - INFO - Train/test split saved
[2026-09-25 12:08:24,983] 62 root - INFO - Read train and test data
[2026-09-25 12:08:24,985] 23 root - INFO - Cleaned invalid EDUCATION and MARRIAGE codes
[2026-09-25 12:08:24,985] 99 root - ERROR - Data transformation failed
[2026-09-25 12:11:50,693] 17 root - INFO - Entered data ingestion method
[2026-09-25 12:11:51,750] 21 root - INFO - Read raw data with shape (30000, 25)
[2026-09-25 12:11:51,972] 28 root - INFO - Loaded raw data into SQLite
[2026-09-25 12:11:52,171] 43 root - INFO - SQL feature engineering complete
[2026-09-25 12:11:52,293] 51 root - INFO - Train/test split saved
[2026-09-25 12:11:52,372] 62 root - INFO - Read train and test data
[2026-09-25 12:11:52,374] 23 root - INFO - Cleaned invalid EDUCATION and MARRIAGE codes
[2026-09-25 12:11:52,374] 99 root - ERROR - Data transformation failed
[2026-09-25 12:12:14,345] 17 root - INFO - Entered data ingestion method
[2026-09-25 12:12:15,337] 21 root - INFO - Read raw data with shape (30000, 25)
[2026-09-25 12:12:15,549] 28 root - INFO - Loaded raw data into SQLite
[2026-09-25 12:12:15,760] 43 root - INFO - SQL feature engineering complete
[2026-09-25 12:12:15,886] 51 root - INFO - Train/test split saved
[2026-09-25 12:12:15,987] 62 root - INFO - Read train and test data
[2026-09-25 12:12:15,989] 23 root - INFO - Cleaned invalid EDUCATION and MARRIAGE codes
[2026-09-25 12:12:15,989] 99 root - ERROR - Data transformation failed
[2026-09-25 12:14:53,220] 17 root - INFO - Entered data ingestion method
[2026-09-25 12:14:54,209] 21 root - INFO - Read raw data with shape (30000, 25)
[2026-09-25 12:14:54,415] 28 root - INFO - Loaded raw data into SQLite
[2026-09-25 12:14:54,626] 43 root - INFO - SQL feature engineering complete
[2026-09-25 12:14:54,750] 51 root - INFO - Train/test split saved
[2026-09-25 12:14:54,830] 63 root - INFO - Read train data with shape (24000, 27), test data with shape (6000, 27)
[2026-09-25 12:14:54,832] 22 root - INFO - Cleaned invalid EDUCATION and MARRIAGE codes
[2026-09-25 12:14:54,833] 22 root - INFO - Cleaned invalid EDUCATION and MARRIAGE codes
[2026-09-25 12:14:54,841] 36 root - INFO - Feature engineering complete
[2026-09-25 12:14:54,844] 36 root - INFO - Feature engineering complete
[2026-09-25 12:14:54,905] 111 root - ERROR - Data transformation failed
[2026-09-25 12:24:38,846] 17 root - INFO - Entered data ingestion method
[2026-09-25 12:24:39,847] 21 root - INFO - Read raw data with shape (30000, 25)
[2026-09-25 12:24:40,062] 28 root - INFO - Loaded raw data into SQLite
[2026-09-25 12:24:40,268] 43 root - INFO - SQL feature engineering complete
[2026-09-25 12:24:40,396] 51 root - INFO - Train/test split saved
[2026-09-25 12:24:40,473] 63 root - INFO - Read train data with shape (24000, 27), test data with shape (6000, 27)
[2026-09-25 12:24:40,482] 22 root - INFO - Cleaned invalid EDUCATION and MARRIAGE codes
[2026-09-25 12:24:40,485] 22 root - INFO - Cleaned invalid EDUCATION and MARRIAGE codes
[2026-09-25 12:24:40,493] 36 root - INFO - Feature engineering complete
[2026-09-25 12:24:40,496] 36 root - INFO - Feature engineering complete
[2026-09-25 12:24:40,578] 93 root - INFO - Preprocessing pipeline fit on train data and applied to test data
[2026-09-25 12:24:42,996] 98 root - INFO - SMOTE applied — before: (24000, 39), after: (37382, 39)
[2026-09-25 12:24:43,000] 13 root - INFO - Object saved at artifacts/preprocessor.pkl
[2026-09-25 12:24:43,000] 103 root - INFO - Preprocessor object saved at artifacts/preprocessor.pkl
[2026-09-25 12:24:43,011] 19 root - INFO - Split train/test arrays into features and target
[2026-09-25 12:24:43,135] 24 root - INFO - Baseline Logistic Regression PR-AUC: 0.4835
[2026-09-25 12:25:19,745] 37 root - INFO - Tuned XGBoost PR-AUC: 0.5439, best params: {'scale_pos_weight': 3, 'n_estimators': 200, 'max_depth': 5, 'learning_rate': 0.1}
[2026-09-25 12:25:19,756] 13 root - INFO - Object saved at artifacts/model.pkl
[2026-09-25 12:25:19,756] 41 root - INFO - Model saved at artifacts/model.pkl
[2026-09-25 12:25:19,757] 13 root - INFO - Triang pipeline completed sucessfuly, final PR-AUC: 0.5439
